[10-Sep-2025 17:42:19 Europe/Berlin] PHP Warning:  Undefined variable $debug_info in C:\xampp\htdocs\Ulos\admin\products.php on line 360
[10-Sep-2025 17:42:25 Europe/Berlin] PHP Warning:  Undefined variable $debug_info in C:\xampp\htdocs\Ulos\admin\products.php on line 360
[10-Sep-2025 17:42:41 Europe/Berlin] PHP Warning:  Undefined variable $debug_info in C:\xampp\htdocs\Ulos\admin\products.php on line 360
[10-Sep-2025 17:58:07 Europe/Berlin] PHP Fatal error:  Uncaught PDOException: SQLSTATE[42S02]: Base table or view not found: 1146 Table 'ulos_ecommerce.product_reviews' doesn't exist in C:\xampp\htdocs\Ulos\includes\config.php:69
Stack trace:
#0 C:\xampp\htdocs\Ulos\includes\config.php(69): PDO->prepare('\n        SELECT...')
#1 C:\xampp\htdocs\Ulos\product_detail.php(65): get_product_rating_stats(Object(PDO), 11)
#2 {main}
  thrown in C:\xampp\htdocs\Ulos\includes\config.php on line 69
[10-Sep-2025 18:05:50 Europe/Berlin] PHP Fatal error:  Uncaught PDOException: SQLSTATE[42S02]: Base table or view not found: 1146 Table 'ulos_ecommerce.product_reviews' doesn't exist in C:\xampp\htdocs\Ulos\includes\config.php:69
Stack trace:
#0 C:\xampp\htdocs\Ulos\includes\config.php(69): PDO->prepare('\n        SELECT...')
#1 C:\xampp\htdocs\Ulos\product_detail.php(65): get_product_rating_stats(Object(PDO), 11)
#2 {main}
  thrown in C:\xampp\htdocs\Ulos\includes\config.php on line 69
[10-Sep-2025 18:05:51 Europe/Berlin] PHP Fatal error:  Uncaught PDOException: SQLSTATE[42S02]: Base table or view not found: 1146 Table 'ulos_ecommerce.product_reviews' doesn't exist in C:\xampp\htdocs\Ulos\includes\config.php:69
Stack trace:
#0 C:\xampp\htdocs\Ulos\includes\config.php(69): PDO->prepare('\n        SELECT...')
#1 C:\xampp\htdocs\Ulos\product_detail.php(65): get_product_rating_stats(Object(PDO), 11)
#2 {main}
  thrown in C:\xampp\htdocs\Ulos\includes\config.php on line 69
[10-Sep-2025 18:05:51 Europe/Berlin] PHP Fatal error:  Uncaught PDOException: SQLSTATE[42S02]: Base table or view not found: 1146 Table 'ulos_ecommerce.product_reviews' doesn't exist in C:\xampp\htdocs\Ulos\includes\config.php:69
Stack trace:
#0 C:\xampp\htdocs\Ulos\includes\config.php(69): PDO->prepare('\n        SELECT...')
#1 C:\xampp\htdocs\Ulos\product_detail.php(65): get_product_rating_stats(Object(PDO), 11)
#2 {main}
  thrown in C:\xampp\htdocs\Ulos\includes\config.php on line 69
[10-Sep-2025 18:05:51 Europe/Berlin] PHP Fatal error:  Uncaught PDOException: SQLSTATE[42S02]: Base table or view not found: 1146 Table 'ulos_ecommerce.product_reviews' doesn't exist in C:\xampp\htdocs\Ulos\includes\config.php:69
Stack trace:
#0 C:\xampp\htdocs\Ulos\includes\config.php(69): PDO->prepare('\n        SELECT...')
#1 C:\xampp\htdocs\Ulos\product_detail.php(65): get_product_rating_stats(Object(PDO), 11)
#2 {main}
  thrown in C:\xampp\htdocs\Ulos\includes\config.php on line 69
[10-Sep-2025 18:05:51 Europe/Berlin] PHP Fatal error:  Uncaught PDOException: SQLSTATE[42S02]: Base table or view not found: 1146 Table 'ulos_ecommerce.product_reviews' doesn't exist in C:\xampp\htdocs\Ulos\includes\config.php:69
Stack trace:
#0 C:\xampp\htdocs\Ulos\includes\config.php(69): PDO->prepare('\n        SELECT...')
#1 C:\xampp\htdocs\Ulos\product_detail.php(65): get_product_rating_stats(Object(PDO), 11)
#2 {main}
  thrown in C:\xampp\htdocs\Ulos\includes\config.php on line 69
[10-Sep-2025 18:05:52 Europe/Berlin] PHP Fatal error:  Uncaught PDOException: SQLSTATE[42S02]: Base table or view not found: 1146 Table 'ulos_ecommerce.product_reviews' doesn't exist in C:\xampp\htdocs\Ulos\includes\config.php:69
Stack trace:
#0 C:\xampp\htdocs\Ulos\includes\config.php(69): PDO->prepare('\n        SELECT...')
#1 C:\xampp\htdocs\Ulos\product_detail.php(65): get_product_rating_stats(Object(PDO), 11)
#2 {main}
  thrown in C:\xampp\htdocs\Ulos\includes\config.php on line 69
[10-Sep-2025 18:05:52 Europe/Berlin] PHP Fatal error:  Uncaught PDOException: SQLSTATE[42S02]: Base table or view not found: 1146 Table 'ulos_ecommerce.product_reviews' doesn't exist in C:\xampp\htdocs\Ulos\includes\config.php:69
Stack trace:
#0 C:\xampp\htdocs\Ulos\includes\config.php(69): PDO->prepare('\n        SELECT...')
#1 C:\xampp\htdocs\Ulos\product_detail.php(65): get_product_rating_stats(Object(PDO), 11)
#2 {main}
  thrown in C:\xampp\htdocs\Ulos\includes\config.php on line 69
[10-Sep-2025 18:05:52 Europe/Berlin] PHP Fatal error:  Uncaught PDOException: SQLSTATE[42S02]: Base table or view not found: 1146 Table 'ulos_ecommerce.product_reviews' doesn't exist in C:\xampp\htdocs\Ulos\includes\config.php:69
Stack trace:
#0 C:\xampp\htdocs\Ulos\includes\config.php(69): PDO->prepare('\n        SELECT...')
#1 C:\xampp\htdocs\Ulos\product_detail.php(65): get_product_rating_stats(Object(PDO), 11)
#2 {main}
  thrown in C:\xampp\htdocs\Ulos\includes\config.php on line 69
[10-Sep-2025 18:05:52 Europe/Berlin] PHP Fatal error:  Uncaught PDOException: SQLSTATE[42S02]: Base table or view not found: 1146 Table 'ulos_ecommerce.product_reviews' doesn't exist in C:\xampp\htdocs\Ulos\includes\config.php:69
Stack trace:
#0 C:\xampp\htdocs\Ulos\includes\config.php(69): PDO->prepare('\n        SELECT...')
#1 C:\xampp\htdocs\Ulos\product_detail.php(65): get_product_rating_stats(Object(PDO), 11)
#2 {main}
  thrown in C:\xampp\htdocs\Ulos\includes\config.php on line 69
[10-Sep-2025 18:05:52 Europe/Berlin] PHP Fatal error:  Uncaught PDOException: SQLSTATE[42S02]: Base table or view not found: 1146 Table 'ulos_ecommerce.product_reviews' doesn't exist in C:\xampp\htdocs\Ulos\includes\config.php:69
Stack trace:
#0 C:\xampp\htdocs\Ulos\includes\config.php(69): PDO->prepare('\n        SELECT...')
#1 C:\xampp\htdocs\Ulos\product_detail.php(65): get_product_rating_stats(Object(PDO), 11)
#2 {main}
  thrown in C:\xampp\htdocs\Ulos\includes\config.php on line 69
[10-Sep-2025 18:05:53 Europe/Berlin] PHP Fatal error:  Uncaught PDOException: SQLSTATE[42S02]: Base table or view not found: 1146 Table 'ulos_ecommerce.product_reviews' doesn't exist in C:\xampp\htdocs\Ulos\includes\config.php:69
Stack trace:
#0 C:\xampp\htdocs\Ulos\includes\config.php(69): PDO->prepare('\n        SELECT...')
#1 C:\xampp\htdocs\Ulos\product_detail.php(65): get_product_rating_stats(Object(PDO), 11)
#2 {main}
  thrown in C:\xampp\htdocs\Ulos\includes\config.php on line 69
[10-Sep-2025 18:19:50 Europe/Berlin] PHP Warning:  Undefined variable $category_id in C:\xampp\htdocs\Ulos\products.php on line 137
[10-Sep-2025 18:19:50 Europe/Berlin] PHP Warning:  Undefined variable $category_id in C:\xampp\htdocs\Ulos\products.php on line 137
[10-Sep-2025 18:19:50 Europe/Berlin] PHP Warning:  Undefined variable $category_id in C:\xampp\htdocs\Ulos\products.php on line 137
[10-Sep-2025 18:19:50 Europe/Berlin] PHP Warning:  Undefined variable $category_id in C:\xampp\htdocs\Ulos\products.php on line 137
[10-Sep-2025 18:55:33 Europe/Berlin] PHP Warning:  Undefined variable $category_id in C:\xampp\htdocs\Ulos\products.php on line 139
[10-Sep-2025 18:55:33 Europe/Berlin] PHP Warning:  Undefined variable $category_id in C:\xampp\htdocs\Ulos\products.php on line 139
[10-Sep-2025 18:55:33 Europe/Berlin] PHP Warning:  Undefined variable $category_id in C:\xampp\htdocs\Ulos\products.php on line 139
[10-Sep-2025 18:55:33 Europe/Berlin] PHP Warning:  Undefined variable $category_id in C:\xampp\htdocs\Ulos\products.php on line 139
[10-Sep-2025 19:03:31 Europe/Berlin] PHP Warning:  Undefined variable $category_id in C:\xampp\htdocs\Ulos\products.php on line 139
[10-Sep-2025 19:03:31 Europe/Berlin] PHP Warning:  Undefined variable $category_id in C:\xampp\htdocs\Ulos\products.php on line 139
[10-Sep-2025 19:03:31 Europe/Berlin] PHP Warning:  Undefined variable $category_id in C:\xampp\htdocs\Ulos\products.php on line 139
[10-Sep-2025 19:03:31 Europe/Berlin] PHP Warning:  Undefined variable $category_id in C:\xampp\htdocs\Ulos\products.php on line 139
[10-Sep-2025 19:04:51 Europe/Berlin] PHP Warning:  Undefined variable $category_id in C:\xampp\htdocs\Ulos\products.php on line 139
[10-Sep-2025 19:04:51 Europe/Berlin] PHP Warning:  Undefined variable $category_id in C:\xampp\htdocs\Ulos\products.php on line 139
[10-Sep-2025 19:04:51 Europe/Berlin] PHP Warning:  Undefined variable $category_id in C:\xampp\htdocs\Ulos\products.php on line 139
[10-Sep-2025 19:04:51 Europe/Berlin] PHP Warning:  Undefined variable $category_id in C:\xampp\htdocs\Ulos\products.php on line 139
[10-Sep-2025 19:06:26 Europe/Berlin] PHP Warning:  Undefined variable $category_id in C:\xampp\htdocs\Ulos\products.php on line 139
[10-Sep-2025 19:06:26 Europe/Berlin] PHP Warning:  Undefined variable $category_id in C:\xampp\htdocs\Ulos\products.php on line 139
[10-Sep-2025 19:06:26 Europe/Berlin] PHP Warning:  Undefined variable $category_id in C:\xampp\htdocs\Ulos\products.php on line 139
[10-Sep-2025 19:06:26 Europe/Berlin] PHP Warning:  Undefined variable $category_id in C:\xampp\htdocs\Ulos\products.php on line 139
[10-Sep-2025 19:22:00 Europe/Berlin] Rating received: 5 (converted to int: 5)
[10-Sep-2025 19:24:31 Europe/Berlin] Rating received: 5 (converted to int: 5)
[10-Sep-2025 19:24:43 Europe/Berlin] Rating received: 5 (converted to int: 5)
[10-Sep-2025 19:27:54 Europe/Berlin] PHP Warning:  Undefined variable $category_id in C:\xampp\htdocs\Ulos\products.php on line 139
[10-Sep-2025 19:27:54 Europe/Berlin] PHP Warning:  Undefined variable $category_id in C:\xampp\htdocs\Ulos\products.php on line 139
[10-Sep-2025 19:27:54 Europe/Berlin] PHP Warning:  Undefined variable $category_id in C:\xampp\htdocs\Ulos\products.php on line 139
[10-Sep-2025 19:27:54 Europe/Berlin] PHP Warning:  Undefined variable $category_id in C:\xampp\htdocs\Ulos\products.php on line 139
[10-Sep-2025 19:41:44 Europe/Berlin] PHP Warning:  Undefined variable $category_id in C:\xampp\htdocs\Ulos\products.php on line 139
[10-Sep-2025 19:41:44 Europe/Berlin] PHP Warning:  Undefined variable $category_id in C:\xampp\htdocs\Ulos\products.php on line 139
[10-Sep-2025 19:41:44 Europe/Berlin] PHP Warning:  Undefined variable $category_id in C:\xampp\htdocs\Ulos\products.php on line 139
[10-Sep-2025 19:41:44 Europe/Berlin] PHP Warning:  Undefined variable $category_id in C:\xampp\htdocs\Ulos\products.php on line 139
[10-Sep-2025 19:54:23 Europe/Berlin] PHP Warning:  Undefined variable $category_id in C:\xampp\htdocs\Ulos\products.php on line 139
[10-Sep-2025 19:54:23 Europe/Berlin] PHP Warning:  Undefined variable $category_id in C:\xampp\htdocs\Ulos\products.php on line 139
[10-Sep-2025 19:54:23 Europe/Berlin] PHP Warning:  Undefined variable $category_id in C:\xampp\htdocs\Ulos\products.php on line 139
[10-Sep-2025 19:54:23 Europe/Berlin] PHP Warning:  Undefined variable $category_id in C:\xampp\htdocs\Ulos\products.php on line 139
[10-Sep-2025 19:54:42 Europe/Berlin] PHP Warning:  Undefined variable $category_id in C:\xampp\htdocs\Ulos\products.php on line 139
[10-Sep-2025 19:54:42 Europe/Berlin] PHP Warning:  Undefined variable $category_id in C:\xampp\htdocs\Ulos\products.php on line 139
[10-Sep-2025 19:54:42 Europe/Berlin] PHP Warning:  Undefined variable $category_id in C:\xampp\htdocs\Ulos\products.php on line 139
[10-Sep-2025 19:54:42 Europe/Berlin] PHP Warning:  Undefined variable $category_id in C:\xampp\htdocs\Ulos\products.php on line 139
[10-Sep-2025 20:03:31 Europe/Berlin] PHP Warning:  Undefined variable $category_id in C:\xampp\htdocs\Ulos\products.php on line 139
[10-Sep-2025 20:03:31 Europe/Berlin] PHP Warning:  Undefined variable $category_id in C:\xampp\htdocs\Ulos\products.php on line 139
[10-Sep-2025 20:03:31 Europe/Berlin] PHP Warning:  Undefined variable $category_id in C:\xampp\htdocs\Ulos\products.php on line 139
[10-Sep-2025 20:03:31 Europe/Berlin] PHP Warning:  Undefined variable $category_id in C:\xampp\htdocs\Ulos\products.php on line 139
[10-Sep-2025 20:03:50 Europe/Berlin] PHP Warning:  Undefined variable $category_id in C:\xampp\htdocs\Ulos\products.php on line 139
[10-Sep-2025 20:03:50 Europe/Berlin] PHP Warning:  Undefined variable $category_id in C:\xampp\htdocs\Ulos\products.php on line 139
[10-Sep-2025 20:03:50 Europe/Berlin] PHP Warning:  Undefined variable $category_id in C:\xampp\htdocs\Ulos\products.php on line 139
[10-Sep-2025 20:03:50 Europe/Berlin] PHP Warning:  Undefined variable $category_id in C:\xampp\htdocs\Ulos\products.php on line 139
[10-Sep-2025 20:07:13 Europe/Berlin] PHP Warning:  Undefined variable $category_id in C:\xampp\htdocs\Ulos\products.php on line 139
[10-Sep-2025 20:07:13 Europe/Berlin] PHP Warning:  Undefined variable $category_id in C:\xampp\htdocs\Ulos\products.php on line 139
[10-Sep-2025 20:07:13 Europe/Berlin] PHP Warning:  Undefined variable $category_id in C:\xampp\htdocs\Ulos\products.php on line 139
[10-Sep-2025 20:07:13 Europe/Berlin] PHP Warning:  Undefined variable $category_id in C:\xampp\htdocs\Ulos\products.php on line 139
[10-Sep-2025 20:27:56 Europe/Berlin] PHP Warning:  Undefined variable $category_id in C:\xampp\htdocs\Ulos\products.php on line 139
[10-Sep-2025 20:27:56 Europe/Berlin] PHP Warning:  Undefined variable $category_id in C:\xampp\htdocs\Ulos\products.php on line 139
[10-Sep-2025 20:27:56 Europe/Berlin] PHP Warning:  Undefined variable $category_id in C:\xampp\htdocs\Ulos\products.php on line 139
[10-Sep-2025 20:27:56 Europe/Berlin] PHP Warning:  Undefined variable $category_id in C:\xampp\htdocs\Ulos\products.php on line 139
[13-Nov-2025 11:24:20 Europe/Berlin] PHP Warning:  Undefined variable $category_id in C:\xampp\htdocs\Ulos\products.php on line 139
[13-Nov-2025 11:24:20 Europe/Berlin] PHP Warning:  Undefined variable $category_id in C:\xampp\htdocs\Ulos\products.php on line 139
[13-Nov-2025 11:24:20 Europe/Berlin] PHP Warning:  Undefined variable $category_id in C:\xampp\htdocs\Ulos\products.php on line 139
[13-Nov-2025 11:24:20 Europe/Berlin] PHP Warning:  Undefined variable $category_id in C:\xampp\htdocs\Ulos\products.php on line 139
[13-Nov-2025 11:26:02 Europe/Berlin] PHP Warning:  Undefined variable $category_id in C:\xampp\htdocs\Ulos\products.php on line 139
[13-Nov-2025 11:26:02 Europe/Berlin] PHP Warning:  Undefined variable $category_id in C:\xampp\htdocs\Ulos\products.php on line 139
[13-Nov-2025 11:26:02 Europe/Berlin] PHP Warning:  Undefined variable $category_id in C:\xampp\htdocs\Ulos\products.php on line 139
[13-Nov-2025 11:26:02 Europe/Berlin] PHP Warning:  Undefined variable $category_id in C:\xampp\htdocs\Ulos\products.php on line 139
[13-Nov-2025 11:26:20 Europe/Berlin] PHP Warning:  Undefined variable $category_id in C:\xampp\htdocs\Ulos\products.php on line 139
[13-Nov-2025 11:26:20 Europe/Berlin] PHP Warning:  Undefined variable $category_id in C:\xampp\htdocs\Ulos\products.php on line 139
[13-Nov-2025 11:26:20 Europe/Berlin] PHP Warning:  Undefined variable $category_id in C:\xampp\htdocs\Ulos\products.php on line 139
[13-Nov-2025 11:26:20 Europe/Berlin] PHP Warning:  Undefined variable $category_id in C:\xampp\htdocs\Ulos\products.php on line 139
[13-Nov-2025 11:29:29 Europe/Berlin] PHP Warning:  Undefined variable $category_id in C:\xampp\htdocs\Ulos\products.php on line 139
[13-Nov-2025 11:29:29 Europe/Berlin] PHP Warning:  Undefined variable $category_id in C:\xampp\htdocs\Ulos\products.php on line 139
[13-Nov-2025 11:29:29 Europe/Berlin] PHP Warning:  Undefined variable $category_id in C:\xampp\htdocs\Ulos\products.php on line 139
[13-Nov-2025 11:29:29 Europe/Berlin] PHP Warning:  Undefined variable $category_id in C:\xampp\htdocs\Ulos\products.php on line 139
[13-Nov-2025 11:29:54 Europe/Berlin] PHP Warning:  Undefined variable $category_id in C:\xampp\htdocs\Ulos\products.php on line 139
[13-Nov-2025 11:29:54 Europe/Berlin] PHP Warning:  Undefined variable $category_id in C:\xampp\htdocs\Ulos\products.php on line 139
[13-Nov-2025 11:29:54 Europe/Berlin] PHP Warning:  Undefined variable $category_id in C:\xampp\htdocs\Ulos\products.php on line 139
[13-Nov-2025 11:29:54 Europe/Berlin] PHP Warning:  Undefined variable $category_id in C:\xampp\htdocs\Ulos\products.php on line 139
[13-Nov-2025 11:30:35 Europe/Berlin] PHP Warning:  Undefined variable $category_id in C:\xampp\htdocs\Ulos\products.php on line 139
[13-Nov-2025 11:30:35 Europe/Berlin] PHP Warning:  Undefined variable $category_id in C:\xampp\htdocs\Ulos\products.php on line 139
[13-Nov-2025 11:30:35 Europe/Berlin] PHP Warning:  Undefined variable $category_id in C:\xampp\htdocs\Ulos\products.php on line 139
[13-Nov-2025 11:30:35 Europe/Berlin] PHP Warning:  Undefined variable $category_id in C:\xampp\htdocs\Ulos\products.php on line 139
[13-Nov-2025 11:32:38 Europe/Berlin] PHP Warning:  Undefined variable $category_id in C:\xampp\htdocs\Ulos\products.php on line 139
[13-Nov-2025 11:32:38 Europe/Berlin] PHP Warning:  Undefined variable $category_id in C:\xampp\htdocs\Ulos\products.php on line 139
[13-Nov-2025 11:32:38 Europe/Berlin] PHP Warning:  Undefined variable $category_id in C:\xampp\htdocs\Ulos\products.php on line 139
[13-Nov-2025 11:32:38 Europe/Berlin] PHP Warning:  Undefined variable $category_id in C:\xampp\htdocs\Ulos\products.php on line 139
[13-Nov-2025 11:39:10 Europe/Berlin] PHP Warning:  Undefined variable $category_id in C:\xampp\htdocs\Ulos\products.php on line 139
[13-Nov-2025 11:39:10 Europe/Berlin] PHP Warning:  Undefined variable $category_id in C:\xampp\htdocs\Ulos\products.php on line 139
[13-Nov-2025 11:39:10 Europe/Berlin] PHP Warning:  Undefined variable $category_id in C:\xampp\htdocs\Ulos\products.php on line 139
[13-Nov-2025 11:39:10 Europe/Berlin] PHP Warning:  Undefined variable $category_id in C:\xampp\htdocs\Ulos\products.php on line 139
[13-Nov-2025 11:46:48 Europe/Berlin] PHP Warning:  Undefined variable $category_id in C:\xampp\htdocs\Ulos\products.php on line 139
[13-Nov-2025 11:46:48 Europe/Berlin] PHP Warning:  Undefined variable $category_id in C:\xampp\htdocs\Ulos\products.php on line 139
[13-Nov-2025 11:46:48 Europe/Berlin] PHP Warning:  Undefined variable $category_id in C:\xampp\htdocs\Ulos\products.php on line 139
[13-Nov-2025 11:46:48 Europe/Berlin] PHP Warning:  Undefined variable $category_id in C:\xampp\htdocs\Ulos\products.php on line 139
[13-Nov-2025 11:48:24 Europe/Berlin] PHP Warning:  Undefined variable $category_id in C:\xampp\htdocs\Ulos\products.php on line 139
[13-Nov-2025 11:48:24 Europe/Berlin] PHP Warning:  Undefined variable $category_id in C:\xampp\htdocs\Ulos\products.php on line 139
[13-Nov-2025 11:48:24 Europe/Berlin] PHP Warning:  Undefined variable $category_id in C:\xampp\htdocs\Ulos\products.php on line 139
[13-Nov-2025 11:48:24 Europe/Berlin] PHP Warning:  Undefined variable $category_id in C:\xampp\htdocs\Ulos\products.php on line 139
[13-Nov-2025 11:49:05 Europe/Berlin] PHP Warning:  Undefined variable $category_id in C:\xampp\htdocs\Ulos\products.php on line 139
[13-Nov-2025 11:49:05 Europe/Berlin] PHP Warning:  Undefined variable $category_id in C:\xampp\htdocs\Ulos\products.php on line 139
[13-Nov-2025 11:49:05 Europe/Berlin] PHP Warning:  Undefined variable $category_id in C:\xampp\htdocs\Ulos\products.php on line 139
[13-Nov-2025 11:49:05 Europe/Berlin] PHP Warning:  Undefined variable $category_id in C:\xampp\htdocs\Ulos\products.php on line 139
[13-Nov-2025 11:49:56 Europe/Berlin] PHP Warning:  Undefined variable $category_id in C:\xampp\htdocs\Ulos\products.php on line 139
[13-Nov-2025 11:49:56 Europe/Berlin] PHP Warning:  Undefined variable $category_id in C:\xampp\htdocs\Ulos\products.php on line 139
[13-Nov-2025 11:49:56 Europe/Berlin] PHP Warning:  Undefined variable $category_id in C:\xampp\htdocs\Ulos\products.php on line 139
[13-Nov-2025 11:49:56 Europe/Berlin] PHP Warning:  Undefined variable $category_id in C:\xampp\htdocs\Ulos\products.php on line 139
[13-Nov-2025 11:52:39 Europe/Berlin] PHP Warning:  Undefined variable $category_id in C:\xampp\htdocs\Ulos\products.php on line 139
[13-Nov-2025 11:52:39 Europe/Berlin] PHP Warning:  Undefined variable $category_id in C:\xampp\htdocs\Ulos\products.php on line 139
[13-Nov-2025 11:52:39 Europe/Berlin] PHP Warning:  Undefined variable $category_id in C:\xampp\htdocs\Ulos\products.php on line 139
[13-Nov-2025 11:52:39 Europe/Berlin] PHP Warning:  Undefined variable $category_id in C:\xampp\htdocs\Ulos\products.php on line 139
[13-Nov-2025 11:52:39 Europe/Berlin] PHP Warning:  Undefined variable $category_id in C:\xampp\htdocs\Ulos\products.php on line 139
[13-Nov-2025 11:56:51 Europe/Berlin] Rating received: 3 (converted to int: 3)
[13-Nov-2025 11:57:15 Europe/Berlin] PHP Warning:  Undefined variable $category_id in C:\xampp\htdocs\Ulos\products.php on line 139
[13-Nov-2025 11:57:15 Europe/Berlin] PHP Warning:  Undefined variable $category_id in C:\xampp\htdocs\Ulos\products.php on line 139
[13-Nov-2025 11:57:15 Europe/Berlin] PHP Warning:  Undefined variable $category_id in C:\xampp\htdocs\Ulos\products.php on line 139
[13-Nov-2025 11:57:15 Europe/Berlin] PHP Warning:  Undefined variable $category_id in C:\xampp\htdocs\Ulos\products.php on line 139
[13-Nov-2025 11:57:15 Europe/Berlin] PHP Warning:  Undefined variable $category_id in C:\xampp\htdocs\Ulos\products.php on line 139
[13-Nov-2025 12:02:01 Europe/Berlin] PHP Warning:  Undefined variable $category_id in C:\xampp\htdocs\Ulos\products.php on line 139
[13-Nov-2025 12:02:01 Europe/Berlin] PHP Warning:  Undefined variable $category_id in C:\xampp\htdocs\Ulos\products.php on line 139
[13-Nov-2025 12:02:01 Europe/Berlin] PHP Warning:  Undefined variable $category_id in C:\xampp\htdocs\Ulos\products.php on line 139
[13-Nov-2025 12:02:01 Europe/Berlin] PHP Warning:  Undefined variable $category_id in C:\xampp\htdocs\Ulos\products.php on line 139
[13-Nov-2025 12:02:01 Europe/Berlin] PHP Warning:  Undefined variable $category_id in C:\xampp\htdocs\Ulos\products.php on line 139
[29-Nov-2025 05:32:48 Europe/Berlin] PHP Warning:  Undefined variable $category_id in C:\xampp\htdocs\Ulos\products.php on line 139
[29-Nov-2025 05:32:48 Europe/Berlin] PHP Warning:  Undefined variable $category_id in C:\xampp\htdocs\Ulos\products.php on line 139
[29-Nov-2025 05:32:48 Europe/Berlin] PHP Warning:  Undefined variable $category_id in C:\xampp\htdocs\Ulos\products.php on line 139
[29-Nov-2025 05:32:48 Europe/Berlin] PHP Warning:  Undefined variable $category_id in C:\xampp\htdocs\Ulos\products.php on line 139
[29-Nov-2025 05:32:48 Europe/Berlin] PHP Warning:  Undefined variable $category_id in C:\xampp\htdocs\Ulos\products.php on line 139
[29-Nov-2025 05:32:59 Europe/Berlin] PHP Warning:  Undefined variable $category_id in C:\xampp\htdocs\Ulos\products.php on line 139
[29-Nov-2025 05:32:59 Europe/Berlin] PHP Warning:  Undefined variable $category_id in C:\xampp\htdocs\Ulos\products.php on line 139
[29-Nov-2025 05:32:59 Europe/Berlin] PHP Warning:  Undefined variable $category_id in C:\xampp\htdocs\Ulos\products.php on line 139
[29-Nov-2025 05:32:59 Europe/Berlin] PHP Warning:  Undefined variable $category_id in C:\xampp\htdocs\Ulos\products.php on line 139
[29-Nov-2025 05:32:59 Europe/Berlin] PHP Warning:  Undefined variable $category_id in C:\xampp\htdocs\Ulos\products.php on line 139
[29-Nov-2025 05:35:09 Europe/Berlin] PHP Warning:  Undefined variable $category_id in C:\xampp\htdocs\Ulos\products.php on line 139
[29-Nov-2025 05:35:09 Europe/Berlin] PHP Warning:  Undefined variable $category_id in C:\xampp\htdocs\Ulos\products.php on line 139
[29-Nov-2025 05:35:09 Europe/Berlin] PHP Warning:  Undefined variable $category_id in C:\xampp\htdocs\Ulos\products.php on line 139
[29-Nov-2025 05:35:09 Europe/Berlin] PHP Warning:  Undefined variable $category_id in C:\xampp\htdocs\Ulos\products.php on line 139
[29-Nov-2025 05:35:09 Europe/Berlin] PHP Warning:  Undefined variable $category_id in C:\xampp\htdocs\Ulos\products.php on line 139
[29-Nov-2025 05:35:33 Europe/Berlin] PHP Warning:  Undefined variable $category_id in C:\xampp\htdocs\Ulos\products.php on line 139
[29-Nov-2025 05:35:33 Europe/Berlin] PHP Warning:  Undefined variable $category_id in C:\xampp\htdocs\Ulos\products.php on line 139
[29-Nov-2025 05:35:33 Europe/Berlin] PHP Warning:  Undefined variable $category_id in C:\xampp\htdocs\Ulos\products.php on line 139
[29-Nov-2025 05:35:33 Europe/Berlin] PHP Warning:  Undefined variable $category_id in C:\xampp\htdocs\Ulos\products.php on line 139
[29-Nov-2025 05:35:33 Europe/Berlin] PHP Warning:  Undefined variable $category_id in C:\xampp\htdocs\Ulos\products.php on line 139
[29-Nov-2025 05:37:24 Europe/Berlin] PHP Warning:  Undefined variable $category_id in C:\xampp\htdocs\Ulos\products.php on line 139
[29-Nov-2025 05:37:24 Europe/Berlin] PHP Warning:  Undefined variable $category_id in C:\xampp\htdocs\Ulos\products.php on line 139
[29-Nov-2025 05:37:24 Europe/Berlin] PHP Warning:  Undefined variable $category_id in C:\xampp\htdocs\Ulos\products.php on line 139
[29-Nov-2025 05:37:24 Europe/Berlin] PHP Warning:  Undefined variable $category_id in C:\xampp\htdocs\Ulos\products.php on line 139
[29-Nov-2025 05:37:24 Europe/Berlin] PHP Warning:  Undefined variable $category_id in C:\xampp\htdocs\Ulos\products.php on line 139
[14-Dec-2025 09:03:35 Europe/Berlin] PHP Warning:  Undefined variable $category_id in C:\xampp\htdocs\Ulos\products.php on line 139
[14-Dec-2025 09:03:35 Europe/Berlin] PHP Warning:  Undefined variable $category_id in C:\xampp\htdocs\Ulos\products.php on line 139
[14-Dec-2025 09:03:35 Europe/Berlin] PHP Warning:  Undefined variable $category_id in C:\xampp\htdocs\Ulos\products.php on line 139
[14-Dec-2025 09:03:35 Europe/Berlin] PHP Warning:  Undefined variable $category_id in C:\xampp\htdocs\Ulos\products.php on line 139
[14-Dec-2025 09:03:35 Europe/Berlin] PHP Warning:  Undefined variable $category_id in C:\xampp\htdocs\Ulos\products.php on line 139
[14-Dec-2025 09:03:42 Europe/Berlin] PHP Warning:  Undefined variable $category_id in C:\xampp\htdocs\Ulos\products.php on line 139
[14-Dec-2025 09:03:42 Europe/Berlin] PHP Warning:  Undefined variable $category_id in C:\xampp\htdocs\Ulos\products.php on line 139
[14-Dec-2025 09:03:42 Europe/Berlin] PHP Warning:  Undefined variable $category_id in C:\xampp\htdocs\Ulos\products.php on line 139
[14-Dec-2025 09:03:42 Europe/Berlin] PHP Warning:  Undefined variable $category_id in C:\xampp\htdocs\Ulos\products.php on line 139
[14-Dec-2025 09:03:42 Europe/Berlin] PHP Warning:  Undefined variable $category_id in C:\xampp\htdocs\Ulos\products.php on line 139
[14-Dec-2025 09:03:56 Europe/Berlin] PHP Warning:  Undefined variable $category_id in C:\xampp\htdocs\Ulos\products.php on line 139
[14-Dec-2025 09:03:56 Europe/Berlin] PHP Warning:  Undefined variable $category_id in C:\xampp\htdocs\Ulos\products.php on line 139
[14-Dec-2025 09:03:56 Europe/Berlin] PHP Warning:  Undefined variable $category_id in C:\xampp\htdocs\Ulos\products.php on line 139
[14-Dec-2025 09:03:56 Europe/Berlin] PHP Warning:  Undefined variable $category_id in C:\xampp\htdocs\Ulos\products.php on line 139
[14-Dec-2025 09:03:56 Europe/Berlin] PHP Warning:  Undefined variable $category_id in C:\xampp\htdocs\Ulos\products.php on line 139
[14-Dec-2025 09:11:54 Europe/Berlin] PHP Warning:  Undefined variable $category_id in C:\xampp\htdocs\Ulos\products.php on line 139
[14-Dec-2025 09:11:54 Europe/Berlin] PHP Warning:  Undefined variable $category_id in C:\xampp\htdocs\Ulos\products.php on line 139
[14-Dec-2025 09:11:54 Europe/Berlin] PHP Warning:  Undefined variable $category_id in C:\xampp\htdocs\Ulos\products.php on line 139
[14-Dec-2025 09:11:54 Europe/Berlin] PHP Warning:  Undefined variable $category_id in C:\xampp\htdocs\Ulos\products.php on line 139
[14-Dec-2025 09:11:54 Europe/Berlin] PHP Warning:  Undefined variable $category_id in C:\xampp\htdocs\Ulos\products.php on line 139
[14-Dec-2025 09:14:24 Europe/Berlin] PHP Warning:  Undefined variable $category_id in C:\xampp\htdocs\Ulos\products.php on line 139
[14-Dec-2025 09:14:24 Europe/Berlin] PHP Warning:  Undefined variable $category_id in C:\xampp\htdocs\Ulos\products.php on line 139
[14-Dec-2025 09:14:24 Europe/Berlin] PHP Warning:  Undefined variable $category_id in C:\xampp\htdocs\Ulos\products.php on line 139
[14-Dec-2025 09:14:24 Europe/Berlin] PHP Warning:  Undefined variable $category_id in C:\xampp\htdocs\Ulos\products.php on line 139
[14-Dec-2025 09:14:24 Europe/Berlin] PHP Warning:  Undefined variable $category_id in C:\xampp\htdocs\Ulos\products.php on line 139
[19-Feb-2026 15:52:42 Europe/Berlin] PHP Warning:  Undefined variable $category_id in C:\xampp\htdocs\Ulos\products.php on line 139
[19-Feb-2026 15:52:42 Europe/Berlin] PHP Warning:  Undefined variable $category_id in C:\xampp\htdocs\Ulos\products.php on line 139
[19-Feb-2026 15:52:42 Europe/Berlin] PHP Warning:  Undefined variable $category_id in C:\xampp\htdocs\Ulos\products.php on line 139
[19-Feb-2026 15:52:42 Europe/Berlin] PHP Warning:  Undefined variable $category_id in C:\xampp\htdocs\Ulos\products.php on line 139
[19-Feb-2026 15:52:42 Europe/Berlin] PHP Warning:  Undefined variable $category_id in C:\xampp\htdocs\Ulos\products.php on line 139
[19-Feb-2026 16:26:00 Europe/Berlin] PHP Warning:  Undefined variable $category_id in C:\xampp\htdocs\Ulos\products.php on line 139
[19-Feb-2026 16:26:00 Europe/Berlin] PHP Warning:  Undefined variable $category_id in C:\xampp\htdocs\Ulos\products.php on line 139
[19-Feb-2026 16:26:00 Europe/Berlin] PHP Warning:  Undefined variable $category_id in C:\xampp\htdocs\Ulos\products.php on line 139
[19-Feb-2026 16:26:00 Europe/Berlin] PHP Warning:  Undefined variable $category_id in C:\xampp\htdocs\Ulos\products.php on line 139
[19-Feb-2026 16:26:00 Europe/Berlin] PHP Warning:  Undefined variable $category_id in C:\xampp\htdocs\Ulos\products.php on line 139
[19-Feb-2026 16:29:42 Europe/Berlin] PHP Warning:  Undefined variable $category_id in C:\xampp\htdocs\Ulos\products.php on line 139
[19-Feb-2026 16:29:42 Europe/Berlin] PHP Warning:  Undefined variable $category_id in C:\xampp\htdocs\Ulos\products.php on line 139
[19-Feb-2026 16:29:42 Europe/Berlin] PHP Warning:  Undefined variable $category_id in C:\xampp\htdocs\Ulos\products.php on line 139
[19-Feb-2026 16:29:42 Europe/Berlin] PHP Warning:  Undefined variable $category_id in C:\xampp\htdocs\Ulos\products.php on line 139
[19-Feb-2026 16:29:42 Europe/Berlin] PHP Warning:  Undefined variable $category_id in C:\xampp\htdocs\Ulos\products.php on line 139
